
/home/runner/work/exp-context-free-grammar-iiith/exp-context-free-grammar-iiith/experiment/simulation/js/interactive.js
   73:24  warning  'cfgs' is not defined               no-undef
   73:29  warning  'currentCfgIndex' is not defined    no-undef
   74:44  warning  'currentInputIndex' is not defined  no-undef
  106:28  warning  'cfgs' is not defined               no-undef
  106:33  warning  'currentCfgIndex' is not defined    no-undef
  269:5   warning  'clearElem' is not defined          no-undef
  315:22  warning  'newElementNS' is not defined       no-undef
  359:20  warning  'newElementNS' is not defined       no-undef
  379:18  warning  'newElementNS' is not defined       no-undef
  442:9   warning  'swal' is not defined               no-undef
  456:17  warning  'swal' is not defined               no-undef
  474:24  warning  'cfgs' is not defined               no-undef
  474:29  warning  'currentCfgIndex' is not defined    no-undef
  492:5   warning  'clearElem' is not defined          no-undef
  503:36  warning  'index' is defined but never used   no-unused-vars

/home/runner/work/exp-context-free-grammar-iiith/exp-context-free-grammar-iiith/experiment/simulation/js/script.js
    9:10  warning  'newElementNS' is defined but never used         no-unused-vars
   17:10  warning  'newElement' is defined but never used           no-unused-vars
  268:5   warning  'swal' is not defined                            no-undef
  341:10  warning  'showCompletionAlert' is defined but never used  no-unused-vars
  345:5   warning  'swal' is not defined                            no-undef
  361:5   warning  'swal' is not defined                            no-undef

/home/runner/work/exp-context-free-grammar-iiith/exp-context-free-grammar-iiith/experiment/simulation/mobile-detection.js
  393:7   warning  'mobileDetection' is assigned a value but never used  no-unused-vars
  396:38  warning  'module' is not defined                               no-undef
  397:3   warning  'module' is not defined                               no-undef

✖ 24 problems (0 errors, 24 warnings)

